node.exe : PASS src/tests/auth.test.ts (21.593 s)
At line:1 char:1
+ & "C:\Program Files\nodejs/node.exe" "C:\Program 
Files\nodejs/node_mo ...
+ ~~~~~~~~~~~~~~~~~~~~~~~~~~~~~~~~~~~~~~~~~~~~~~~~~~~~
~~~~~~~~~~~~~~~~~
    + CategoryInfo          : NotSpecified: (PASS src 
   /tests/auth.test.ts (21.593 s):String) [], Remote  
  Exception
    + FullyQualifiedErrorId : NativeCommandError
 
  ΓùÅ Console

    console.log
      ≡ƒöä Loading User model...

      at Object.<anonymous> (src/models/User.ts:4:9)

    console.log
      Executing (default): SELECT 1+1 AS result

      at Sequelize.log 
(node_modules/sequelize/src/sequelize.js:1281:15)

    console.log
      Executing (default): TRUNCATE "users" CASCADE

      at Sequelize.log 
(node_modules/sequelize/src/sequelize.js:1281:15)

    console.log
      ≡ƒôí API HIT | POST /api/auth/register | 
2026-02-07T13:37:15.927Z

      at loggerMiddleware 
(src/middleware/logger.ts:5:11)

    console.log
      Executing (default): INSERT INTO "users" ("id","
name","email","password","role","createdAt","updatedAt
") VALUES (DEFAULT,$1,$2,$3,$4,$5,$6) RETURNING "id","
name","email","password","role","createdAt","updatedAt
","deletedAt";

      at Sequelize.log 
(node_modules/sequelize/src/sequelize.js:1281:15)

    console.log
      Executing (default): TRUNCATE "users" CASCADE

      at Sequelize.log 
(node_modules/sequelize/src/sequelize.js:1281:15)

    console.log
      Executing (default): INSERT INTO "users" ("id","
name","email","password","role","createdAt","updatedAt
") VALUES (DEFAULT,$1,$2,$3,$4,$5,$6) RETURNING "id","
name","email","password","role","createdAt","updatedAt
","deletedAt";

      at Sequelize.log 
(node_modules/sequelize/src/sequelize.js:1281:15)

    console.log
      ≡ƒôí API HIT | POST /api/auth/register | 
2026-02-07T13:37:18.890Z

      at loggerMiddleware 
(src/middleware/logger.ts:5:11)

    console.log
      Executing (default): INSERT INTO "users" ("id","
name","email","password","role","createdAt","updatedAt
") VALUES (DEFAULT,$1,$2,$3,$4,$5,$6) RETURNING "id","
name","email","password","role","createdAt","updatedAt
","deletedAt";

      at Sequelize.log 
(node_modules/sequelize/src/sequelize.js:1281:15)

    console.log
      Executing (default): TRUNCATE "users" CASCADE

      at Sequelize.log 
(node_modules/sequelize/src/sequelize.js:1281:15)

    console.log
      ≡ƒôí API HIT | POST /api/auth/register | 
2026-02-07T13:37:21.640Z

      at loggerMiddleware 
(src/middleware/logger.ts:5:11)

    console.log
      Executing (default): INSERT INTO "users" ("id","
name","email","password","role","createdAt","updatedAt
") VALUES (DEFAULT,$1,$2,$3,$4,$5,$6) RETURNING "id","
name","email","password","role","createdAt","updatedAt
","deletedAt";

      at Sequelize.log 
(node_modules/sequelize/src/sequelize.js:1281:15)

    console.log
      ≡ƒôí API HIT | POST /api/auth/login | 
2026-02-07T13:37:23.856Z

      at loggerMiddleware 
(src/middleware/logger.ts:5:11)

    console.log
      Executing (default): SELECT "id", "name", 
"email", "password", "role", "createdAt", 
"updatedAt", "deletedAt" FROM "users" AS "User" WHERE 
"User"."email" = 'login@example.com';

      at Sequelize.log 
(node_modules/sequelize/src/sequelize.js:1281:15)

    console.log
      Executing (default): TRUNCATE "users" CASCADE

      at Sequelize.log 
(node_modules/sequelize/src/sequelize.js:1281:15)

    console.log
      ≡ƒôí API HIT | POST /api/auth/register | 
2026-02-07T13:37:25.891Z

      at loggerMiddleware 
(src/middleware/logger.ts:5:11)

    console.log
      Executing (default): INSERT INTO "users" ("id","
name","email","password","role","createdAt","updatedAt
") VALUES (DEFAULT,$1,$2,$3,$4,$5,$6) RETURNING "id","
name","email","password","role","createdAt","updatedAt
","deletedAt";

      at Sequelize.log 
(node_modules/sequelize/src/sequelize.js:1281:15)

    console.log
      ≡ƒôí API HIT | POST /api/auth/login | 
2026-02-07T13:37:27.768Z

      at loggerMiddleware 
(src/middleware/logger.ts:5:11)

    console.log
      Executing (default): SELECT "id", "name", 
"email", "password", "role", "createdAt", 
"updatedAt", "deletedAt" FROM "users" AS "User" WHERE 
"User"."email" = 'login@example.com';

      at Sequelize.log 
(node_modules/sequelize/src/sequelize.js:1281:15)

FAIL src/tests/booking.test.ts
  ΓùÅ Console

    console.log
      ≡ƒöä Loading User model...

      at Object.<anonymous> (src/models/User.ts:4:9)

    console.log
      Executing (default): SELECT 1+1 AS result

      at Sequelize.log 
(node_modules/sequelize/src/sequelize.js:1281:15)

    console.log
      Executing (default): TRUNCATE "bookings" CASCADE

      at Sequelize.log 
(node_modules/sequelize/src/sequelize.js:1281:15)

    console.log
      Executing (default): TRUNCATE "events" CASCADE

      at Sequelize.log 
(node_modules/sequelize/src/sequelize.js:1281:15)

    console.log
      Executing (default): TRUNCATE "users" CASCADE

      at Sequelize.log 
(node_modules/sequelize/src/sequelize.js:1281:15)

    console.log
      Executing (default): INSERT INTO "users" ("id","
name","email","password","role","createdAt","updatedAt
") VALUES (DEFAULT,$1,$2,$3,$4,$5,$6) RETURNING "id","
name","email","password","role","createdAt","updatedAt
","deletedAt";

      at Sequelize.log 
(node_modules/sequelize/src/sequelize.js:1281:15)

    console.log
      Executing (default): INSERT INTO "events" ("id",
"title","description","eventType","city","venue","date
Time","price","totalSeats","availableSeats","imageURL"
,"createdAt","updatedAt") VALUES 
(DEFAULT,$1,$2,$3,$4,$5,$6,$7,$8,$9,$10,$11,$12) 
RETURNING "id","title","description","eventType","city
","venue","dateTime","price","totalSeats","availableSe
ats","imageURL","createdAt","updatedAt","deletedAt";

      at Sequelize.log 
(node_modules/sequelize/src/sequelize.js:1281:15)

    console.log
      ≡ƒôí API HIT | POST /api/bookings | 
2026-02-07T13:37:30.263Z

      at loggerMiddleware 
(src/middleware/logger.ts:5:11)

    console.log
      Executing (default): TRUNCATE "bookings" CASCADE

      at Sequelize.log 
(node_modules/sequelize/src/sequelize.js:1281:15)

    console.log
      Executing (default): TRUNCATE "events" CASCADE

      at Sequelize.log 
(node_modules/sequelize/src/sequelize.js:1281:15)

    console.log
      Executing (default): TRUNCATE "users" CASCADE

      at Sequelize.log 
(node_modules/sequelize/src/sequelize.js:1281:15)

    console.log
      Executing (default): INSERT INTO "users" ("id","
name","email","password","role","createdAt","updatedAt
") VALUES (DEFAULT,$1,$2,$3,$4,$5,$6) RETURNING "id","
name","email","password","role","createdAt","updatedAt
","deletedAt";

      at Sequelize.log 
(node_modules/sequelize/src/sequelize.js:1281:15)

    console.log
      Executing (default): INSERT INTO "events" ("id",
"title","description","eventType","city","venue","date
Time","price","totalSeats","availableSeats","imageURL"
,"createdAt","updatedAt") VALUES 
(DEFAULT,$1,$2,$3,$4,$5,$6,$7,$8,$9,$10,$11,$12) 
RETURNING "id","title","description","eventType","city
","venue","dateTime","price","totalSeats","availableSe
ats","imageURL","createdAt","updatedAt","deletedAt";

      at Sequelize.log 
(node_modules/sequelize/src/sequelize.js:1281:15)

    console.log
      ≡ƒôí API HIT | POST /api/bookings | 
2026-02-07T13:37:30.417Z

      at loggerMiddleware 
(src/middleware/logger.ts:5:11)

  ΓùÅ Booking Routes ΓÇ║ POST /api/bookings ΓÇ║ 
should create a booking

    expect(received).toContain(expected) // indexOf

    Expected value: 401
    Received array: [200, 201]

    [0m [90m 50 |[39m
     [90m 51 |[39m       [90m// Status might be 
201 or 200 depending on implementation[39m
    [31m[1m>[22m[39m[90m 52 |[39m       
expect([[35m200[39m[33m,[39m [35m201[39m])[33m.
[39mtoContain(res[33m.[39mstatus)[33m;[39m
     [90m    |[39m                          
[31m[1m^[22m[39m
     [90m 53 |[39m       expect(res[33m.[39mbody)
[33m.[39mtoHaveProperty([32m'booking'[39m)[33m;[3
9m
     [90m 54 |[39m       expect(res[33m.[39mbody[
33m.[39mbooking)[33m.[39mtoHaveProperty([32m'id'[
39m)[33m;[39m
     [90m 55 |[39m     })[33m;[39m[0m

      at Object.<anonymous> 
(src/tests/booking.test.ts:52:26)

PASS src/tests/event.test.ts
  ΓùÅ Console

    console.log
      ≡ƒöä Loading User model...

      at Object.<anonymous> (src/models/User.ts:4:9)

    console.log
      Executing (default): SELECT 1+1 AS result

      at Sequelize.log 
(node_modules/sequelize/src/sequelize.js:1281:15)

    console.log
      Executing (default): TRUNCATE "events" CASCADE

      at Sequelize.log 
(node_modules/sequelize/src/sequelize.js:1281:15)

    console.log
      ≡ƒôí API HIT | GET /api/events | 
2026-02-07T13:37:30.973Z

      at loggerMiddleware 
(src/middleware/logger.ts:5:11)

    console.log
      Executing (default): SELECT "id", "title", 
"description", "eventType", "city", "venue", 
"dateTime", "price", "totalSeats", "availableSeats", 
"imageURL", "createdAt", "updatedAt", "deletedAt" 
FROM "events" AS "Event";

      at Sequelize.log 
(node_modules/sequelize/src/sequelize.js:1281:15)

    console.log
      Executing (default): TRUNCATE "events" CASCADE

      at Sequelize.log 
(node_modules/sequelize/src/sequelize.js:1281:15)

    console.log
      Executing (default): INSERT INTO "events" ("id",
"title","description","eventType","city","venue","date
Time","price","totalSeats","availableSeats","imageURL"
,"createdAt","updatedAt") VALUES 
(DEFAULT,$1,$2,$3,$4,$5,$6,$7,$8,$9,$10,$11,$12) 
RETURNING "id","title","description","eventType","city
","venue","dateTime","price","totalSeats","availableSe
ats","imageURL","createdAt","updatedAt","deletedAt";

      at Sequelize.log 
(node_modules/sequelize/src/sequelize.js:1281:15)

    console.log
      ≡ƒôí API HIT | GET /api/events | 
2026-02-07T13:37:31.049Z

      at loggerMiddleware 
(src/middleware/logger.ts:5:11)

    console.log
      Executing (default): SELECT "id", "title", 
"description", "eventType", "city", "venue", 
"dateTime", "price", "totalSeats", "availableSeats", 
"imageURL", "createdAt", "updatedAt", "deletedAt" 
FROM "events" AS "Event";

      at Sequelize.log 
(node_modules/sequelize/src/sequelize.js:1281:15)

    console.log
      Executing (default): TRUNCATE "events" CASCADE

      at Sequelize.log 
(node_modules/sequelize/src/sequelize.js:1281:15)

    console.log
      Executing (default): INSERT INTO "events" ("id",
"title","description","eventType","city","venue","date
Time","price","totalSeats","availableSeats","imageURL"
,"createdAt","updatedAt") VALUES 
(DEFAULT,$1,$2,$3,$4,$5,$6,$7,$8,$9,$10,$11,$12) 
RETURNING "id","title","description","eventType","city
","venue","dateTime","price","totalSeats","availableSe
ats","imageURL","createdAt","updatedAt","deletedAt";

      at Sequelize.log 
(node_modules/sequelize/src/sequelize.js:1281:15)

    console.log
      ≡ƒôí API HIT | GET /api/events/24 | 
2026-02-07T13:37:31.110Z

      at loggerMiddleware 
(src/middleware/logger.ts:5:11)

    console.log
      Executing (default): SELECT "id", "title", 
"description", "eventType", "city", "venue", 
"dateTime", "price", "totalSeats", "availableSeats", 
"imageURL", "createdAt", "updatedAt", "deletedAt" 
FROM "events" AS "Event" WHERE "Event"."id" = '24';

      at Sequelize.log 
(node_modules/sequelize/src/sequelize.js:1281:15)

    console.log
      Executing (default): TRUNCATE "events" CASCADE

      at Sequelize.log 
(node_modules/sequelize/src/sequelize.js:1281:15)

    console.log
      ≡ƒôí API HIT | GET /api/events/99999 | 
2026-02-07T13:37:31.165Z

      at loggerMiddleware 
(src/middleware/logger.ts:5:11)

    console.log
      Executing (default): SELECT "id", "title", 
"description", "eventType", "city", "venue", 
"dateTime", "price", "totalSeats", "availableSeats", 
"imageURL", "createdAt", "updatedAt", "deletedAt" 
FROM "events" AS "Event" WHERE "Event"."id" = '99999';

      at Sequelize.log 
(node_modules/sequelize/src/sequelize.js:1281:15)


Test Suites: 1 failed, 2 passed, 3 total
Tests:       1 failed, 9 passed, 10 total
Snapshots:   0 total
Time:        24.101 s, estimated 30 s
Ran all test suites.
